ntypat  2
type  1   Na
type  2   Cl
mpi started: iproc_world,nproc_world    0   1
mpi started: iproc,nproc    0   1
iproc,seed    0  2147483562  2147483398
Number of configurations read from posinp.acf is    1
                             ngpx,ngpy,ngpz,ngptot          46          46         121      256036
                                 nbgpx,nbgpy,nbgpz          31          31          42
                                       hgx,hgy,hgz     0.6901608     0.6901608     0.5038923
hxx,hyx,hzx         0.6901608467        0.0000000000        0.0000000000
hxy,hyy,hzy         0.0000000000        0.6901608467        0.0000000000
hxz,hyz,hzz         0.0000000000        0.0000000000        0.5038923482
 ecut   2.68662289502455      alpha   2.26767135342053     
 delta= -0.648148061843553725100295456681142      
 hsp=  1.568472686115867E-003
inside get_beta_grid b       0.25742190731632416E+02
 --------------------------------------------------------
 dipole =    1.95148973453710     
 real pot =   1.216549656504367E-002  2.458382729295632E-002
 charge on upper  plate    5.490721204670135E-002
 C_0 =    4.42146478860372       K =  0.337919978498034     
 epotplane= -1.458485670561669E-002
charge on lower plane     -5.4907212030141E-02
charge on upper plane      5.4907212211327E-02
 -----------------------------------------------------------
                                         epotfixed           0.126666697736321E+02
                                          epotlong           0.207738729964148E+01
                                         epotplane          -0.126081357596719E-01
                                         epottotal          -0.106018906097503E+02
 inside shortenergy  hsp=  1.568472686115867E-003
                                         epotshort          -0.728556569600351E+00
 externalwork2  3.953441891889537E-003
CPU time: iproc,time(hrs)    0      0.444E-03
CPU time: iproc,time(min)    0      0.267E-01
CPU time: iproc,time(sec)    0      0.160E+01
mpi finalized: iproc_world,nproc_world    0   1
  #WARNING: Heap memory has not been completely freed! See status at finalization to find 
  #where.
 Size of the global database           :  13
 Status of the memory at finalization:
   3062987584:
     [ gausswidth, calculate_forces_energy,  576,  1 ]
   3062994240:
     [ at_out%sat, Main_program,  72,  1 ]
   3062994608:
     [ at_out%rat, Main_program,  1728,  2 ]
   3062996352:
     [ at_out%vat, Main_program,  1728,  2 ]
   3062998096:
     [ at_out%amass, Main_program,  576,  1 ]
   3062998688:
     [ at_out%fat, Main_program,  1728,  2 ]
   3063000432:
     [ at_out%bemoved, Main_program,  864,  2 ]
   3063001312:
     [ at_out%qat, Main_program,  576,  1 ]
   3063001904:
     [ at_out%zat, Main_program,  576,  1 ]
   3063002496:
     [ at_out%rcov, Main_program,  576,  1 ]
   3063003088:
     [ at_out%itypat, Main_program,  288,  1 ]
   Timestamp of Profile initialization:
     2018-08-27 16:43:58.070
   Process Id:
     0
 Memory Consumption Report:
   Tot. No. of Allocations             :  46
   Tot. No. of Deallocations           :  35
   Remaining Memory (B)                :  9288
   Memory occupation:
     Peak Value (MB)                   :  15.220
     for the array                     : vz
     in the routine                    : force_gto_sym_ortho
     Memory Peak of process            : 71.592 MB
 Walltime since initialization         :  00:00:01.615016384
 Max No. of dictionaries used          :  767 #( 184 still in use)
 Number of dictionary folders allocated:  1
